
> immovr@0.1.0 build
> next build

node.exe : ÔÜá Warning: Next.js inferred 
your workspace root, but it may not be 
correct.
Au caractère Ligne:1 : 1
+ & "C:\Program Files\nodejs/node.exe" 
"C:\Users\PERO\AppData\Roaming\n ...
+ ~~~~~~~~~~~~~~~~~~~~~~~~~~~~~~~~~~~~~~~~~
~~~~~~~~~~~~~~~~~~~~~~~~~~~~
    + CategoryInfo          : NotSpecified 
   : (ÔÜá Warning: Ne...not be correct.:S  
  tring) [], RemoteException
    + FullyQualifiedErrorId : NativeComman 
   dError
 
 We detected multiple lockfiles and 
selected the directory of C:\Users\PERO\Des
ktop\immovr\package-lock.json as the root 
directory.
 To silence this warning, set 
`turbopack.root` in your Next.js config, 
or consider removing one of the lockfiles 
if it's not needed.
   See https://nextjs.org/docs/app/api-refe
rence/config/next-config-js/turbopack#root-
directory for more information.
 Detected additional lockfiles: 
   * C:\Users\PERO\Desktop\immovr\2\package
-lock.json

Ôû▓ Next.js 16.1.6 (Turbopack)
- Environments: .env

ÔÜá The "middleware" file convention is 
deprecated. Please use "proxy" instead. 
Learn more: https://nextjs.org/docs/message
s/middleware-to-proxy
  Creating an optimized production build ...

> Build error occurred
Error: Turbopack build failed with 1 
errors:
./2/src/app/api/admin/search/route.ts:5:1
Module not found: Can't resolve 
'@/lib/models/Invoice'
[0m [90m 3 |[39m [36mimport[39m 
[33mProperty[39m [36mfrom[39m [32m"@/l
ib/models/Property"[39m[33m;[39m
 [90m 4 |[39m [36mimport[39m 
[33mReservation[39m [36mfrom[39m [32m"
@/lib/models/Reservation"[39m[33m;[39m
[31m[1m>[22m[39m[90m 5 |[39m 
[36mimport[39m [33mInvoice[39m 
[36mfrom[39m 
[32m"@/lib/models/Invoice"[39m[33m;[39m
 [90m   |[39m [31m[1m^[22m[39m[31m[
1m^[22m[39m[31m[1m^[22m[39m[31m[1m^
[22m[39m[31m[1m^[22m[39m[31m[1m^[2
2m[39m[31m[1m^[22m[39m[31m[1m^[22m
[39m[31m[1m^[22m[39m[31m[1m^[22m[39
m[31m[1m^[22m[39m[31m[1m^[22m[39m[
31m[1m^[22m[39m[31m[1m^[22m[39m[31m
[1m^[22m[39m[31m[1m^[22m[39m[31m[1
m^[22m[39m[31m[1m^[22m[39m[31m[1m^
[22m[39m[31m[1m^[22m[39m[31m[1m^[22
m[39m[31m[1m^[22m[39m[31m[1m^[22m[
39m[31m[1m^[22m[39m[31m[1m^[22m[39m
[31m[1m^[22m[39m[31m[1m^[22m[39m[3
1m[1m^[22m[39m[31m[1m^[22m[39m[31m
[1m^[22m[39m[31m[1m^[22m[39m[31m[1m
^[22m[39m[31m[1m^[22m[39m[31m[1m^[
22m[39m[31m[1m^[22m[39m[31m[1m^[22m
[39m[31m[1m^[22m[39m[31m[1m^[22m[3
9m[31m[1m^[22m[39m[31m[1m^[22m[39m
[31m[1m^[22m[39m[31m[1m^[22m[39m[31
m[1m^[22m[39m
 [90m 6 |[39m
 [90m 7 |[39m [36mexport[39m 
[36masync[39m [36mfunction[39m 
[33mGET[39m(req[33m:[39m 
[33mRequest[39m) {
 [90m 8 |[39m     [36mtry[39m {[0m

Import map: aliased to relative 
'./src/lib/models/Invoice' inside of 
[project]/2


https://nextjs.org/docs/messages/module-not
-found


    at <unknown> 
(./2/src/app/api/admin/search/route.ts:5:1)
    at <unknown> (https://nextjs.org/docs/m
essages/module-not-found)
